
  x The "use server" directive must be at the top of the function body.
   ,-[input.js:7:1]
 7 |   const x = 1
 8 |   'use server'
   :   ^^^^^^^^^^^^
 9 | }
   `----
