
  x The "use server" directive must be at the top of the file, and cannot be wrapped in parentheses.
   ,-[input.js:2:1]
 2 | 
 3 | ('use sevrer')
   : ^^^^^^^^^^^^^^
   `----
